core_cm7.h:2147:34:__NVIC_SystemReset	4	static,ignoring_inline_asm
main.c:94:5:main	8	static
main.c:201:6:HAL_SPI_RxCpltCallback	16	static
main.c:211:6:SystemClock_Config	232	static
main.c:268:13:MX_SPI1_Init	8	static
main.c:308:13:MX_SPI2_Init	8	static
main.c:347:13:MX_SPI4_Init	8	static
main.c:386:13:MX_USART1_UART_Init	8	static
main.c:421:13:MX_USART2_UART_Init	8	static
main.c:456:13:MX_USART3_UART_Init	8	static
main.c:489:13:MX_DMA_Init	16	static
main.c:517:13:MX_GPIO_Init	56	static
main.c:571:6:Error_Handler	4	static,ignoring_inline_asm
